// Jest Snapshot v1, https://goo.gl/fbAQLP

exports[`CartIcon Component Tests should render and match CartIcon snapshot 1`] = `ShallowWrapper {}`;
