// Jest Snapshot v1, https://goo.gl/fbAQLP

exports[`CartDropdown Component Tests should render and match CardDropdown snapshot 1`] = `ShallowWrapper {}`;
