// Jest Snapshot v1, https://goo.gl/fbAQLP

exports[`Cart-Item Component test SnapShot 1`] = `ShallowWrapper {}`;
